// Jest Snapshot v1, https://goo.gl/fbAQLP

exports[`VideoForm Should render 1`] = `
<form
  className=""
  onSubmit={[Function]}
>
  <div
    className="form-group"
  >
    <label
      className="form-label"
      htmlFor="title"
    >
      Title
    </label>
    <input
      className="form-control"
      id="title"
      name="title"
      onChange={[Function]}
      type="text"
      value=""
    />
  </div>
  <div
    className="form-group"
  >
    <label
      className="form-label"
      htmlFor="videoSnapshotThumbnailUrl"
    >
      Video Snapshot Thumbnail Url
    </label>
    <input
      className="form-control"
      id="videoSnapshotThumbnailUrl"
      name="videoSnapshotThumbnailUrl"
      onChange={[Function]}
      type="text"
      value=""
    />
  </div>
  <div
    className="form-group"
  >
    <label
      className="form-label"
      htmlFor="videoSnapshotUrl"
    >
      Video Snapshot Url
    </label>
    <input
      className="form-control"
      id="videoSnapshotUrl"
      name="videoSnapshotUrl"
      onChange={[Function]}
      type="text"
      value=""
    />
  </div>
  <div
    className="form-group"
  >
    <label
      className="form-label"
      htmlFor="description"
    >
      Description
    </label>
    <input
      className="form-control"
      id="description"
      name="description"
      onChange={[Function]}
      type="text"
      value=""
    />
  </div>
  <button
    className="btn btn-primary"
    disabled={false}
    type="submit"
  >
    Submit
  </button>
</form>
`;
